// Jest Snapshot v1, https://goo.gl/fbAQLP

exports[`Vue i18n get keys 1`] = `
Array [
  Object {
    "end": 49,
    "fullMatchEnd": 51,
    "fullMatchStart": 38,
    "key": "project",
    "quoted": true,
    "start": 42,
  },
  Object {
    "end": 83,
    "fullMatchEnd": 85,
    "fullMatchStart": 69,
    "key": "not_exists",
    "quoted": true,
    "start": 73,
  },
  Object {
    "end": 139,
    "fullMatchEnd": 144,
    "fullMatchStart": 131,
    "key": "car",
    "quoted": true,
    "start": 136,
  },
  Object {
    "end": 172,
    "fullMatchEnd": 193,
    "fullMatchStart": 162,
    "key": "apple",
    "quoted": true,
    "start": 167,
  },
  Object {
    "end": 221,
    "fullMatchEnd": 227,
    "fullMatchStart": 211,
    "key": "apple",
    "quoted": true,
    "start": 216,
  },
  Object {
    "end": 297,
    "fullMatchEnd": 298,
    "fullMatchStart": 279,
    "key": "nested.hello",
    "quoted": true,
    "start": 285,
  },
  Object {
    "end": 331,
    "fullMatchEnd": 332,
    "fullMatchStart": 310,
    "key": "nested.greeting",
    "quoted": true,
    "start": 316,
  },
  Object {
    "end": 425,
    "fullMatchEnd": 426,
    "fullMatchStart": 404,
    "key": "term",
    "quoted": true,
    "start": 421,
  },
  Object {
    "end": 537,
    "fullMatchEnd": 539,
    "fullMatchStart": 530,
    "key": "tos",
    "quoted": true,
    "start": 534,
  },
  Object {
    "end": 630,
    "fullMatchEnd": 631,
    "fullMatchStart": 610,
    "key": "term",
    "quoted": true,
    "start": 626,
  },
  Object {
    "end": 701,
    "fullMatchEnd": 703,
    "fullMatchStart": 695,
    "key": "tos",
    "quoted": true,
    "start": 698,
  },
  Object {
    "end": 764,
    "fullMatchEnd": 765,
    "fullMatchStart": 746,
    "key": "term",
    "quoted": true,
    "start": 760,
  },
  Object {
    "end": 835,
    "fullMatchEnd": 837,
    "fullMatchStart": 829,
    "key": "tos",
    "quoted": true,
    "start": 832,
  },
  Object {
    "end": 1050,
    "fullMatchEnd": 1052,
    "fullMatchStart": 1032,
    "key": "nested.foo.bar",
    "quoted": true,
    "start": 1036,
  },
  Object {
    "end": 1112,
    "fullMatchEnd": 1114,
    "fullMatchStart": 1093,
    "key": "nested.foo.bar",
    "quoted": true,
    "start": 1098,
  },
]
`;
